[2026-09-08T21:21:43.000+0000] {manager.py:469} INFO - Processing files using up to 2 processes at a time 
[2026-09-08T21:21:43.001+0000] {manager.py:470} INFO - Process each file at most once every 10 seconds
[2026-09-08T21:21:43.001+0000] {manager.py:471} INFO - Checking for new files in /opt/airflow/dags every 300 seconds
[2026-09-08T21:21:43.002+0000] {manager.py:738} INFO - Searching for files in /opt/airflow/dags
[2026-09-08T21:21:43.004+0000] {manager.py:741} INFO - There are 0 files in /opt/airflow/dags
[2026-09-08T21:26:43.200+0000] {manager.py:738} INFO - Searching for files in /opt/airflow/dags
[2026-09-08T21:26:43.213+0000] {manager.py:741} INFO - There are 0 files in /opt/airflow/dags
[2026-09-08T21:31:43.581+0000] {manager.py:738} INFO - Searching for files in /opt/airflow/dags
[2026-09-08T21:31:43.589+0000] {manager.py:741} INFO - There are 0 files in /opt/airflow/dags
[2026-09-08T21:36:43.966+0000] {manager.py:738} INFO - Searching for files in /opt/airflow/dags
[2026-09-08T21:36:43.975+0000] {manager.py:741} INFO - There are 0 files in /opt/airflow/dags
[2026-09-08T21:41:44.359+0000] {manager.py:738} INFO - Searching for files in /opt/airflow/dags
[2026-09-08T21:41:44.367+0000] {manager.py:741} INFO - There are 0 files in /opt/airflow/dags
[2026-09-08T21:46:44.721+0000] {manager.py:738} INFO - Searching for files in /opt/airflow/dags
[2026-09-08T21:46:44.729+0000] {manager.py:741} INFO - There are 0 files in /opt/airflow/dags
[2026-09-08T21:51:45.051+0000] {manager.py:738} INFO - Searching for files in /opt/airflow/dags
[2026-09-08T21:51:45.056+0000] {manager.py:741} INFO - There are 0 files in /opt/airflow/dags
[2026-09-08T21:56:45.206+0000] {manager.py:738} INFO - Searching for files in /opt/airflow/dags
[2026-09-08T21:56:45.212+0000] {manager.py:741} INFO - There are 0 files in /opt/airflow/dags
[2026-09-08T22:01:45.582+0000] {manager.py:738} INFO - Searching for files in /opt/airflow/dags
[2026-09-08T22:01:45.588+0000] {manager.py:741} INFO - There are 0 files in /opt/airflow/dags
[2026-09-08T22:06:46.086+0000] {manager.py:738} INFO - Searching for files in /opt/airflow/dags
[2026-09-08T22:06:46.093+0000] {manager.py:741} INFO - There are 0 files in /opt/airflow/dags
[2026-09-08T22:11:46.652+0000] {manager.py:738} INFO - Searching for files in /opt/airflow/dags
[2026-09-08T22:11:46.660+0000] {manager.py:741} INFO - There are 0 files in /opt/airflow/dags
[2026-09-08T22:16:47.264+0000] {manager.py:738} INFO - Searching for files in /opt/airflow/dags
[2026-09-08T22:16:47.272+0000] {manager.py:741} INFO - There are 0 files in /opt/airflow/dags
[2026-09-08T22:21:47.958+0000] {manager.py:738} INFO - Searching for files in /opt/airflow/dags
[2026-09-08T22:21:47.965+0000] {manager.py:741} INFO - There are 0 files in /opt/airflow/dags
[2026-09-08T22:26:48.597+0000] {manager.py:738} INFO - Searching for files in /opt/airflow/dags
[2026-09-08T22:26:48.602+0000] {manager.py:741} INFO - There are 0 files in /opt/airflow/dags
[2026-09-08T22:31:49.297+0000] {manager.py:738} INFO - Searching for files in /opt/airflow/dags
[2026-09-08T22:31:49.300+0000] {manager.py:741} INFO - There are 0 files in /opt/airflow/dags
[2026-09-08T22:36:49.947+0000] {manager.py:738} INFO - Searching for files in /opt/airflow/dags
[2026-09-08T22:36:50.005+0000] {manager.py:741} INFO - There are 0 files in /opt/airflow/dags
[2026-09-08T22:41:50.619+0000] {manager.py:738} INFO - Searching for files in /opt/airflow/dags
[2026-09-08T22:41:50.626+0000] {manager.py:741} INFO - There are 0 files in /opt/airflow/dags
[2026-09-08T22:46:51.109+0000] {manager.py:738} INFO - Searching for files in /opt/airflow/dags
[2026-09-08T22:46:51.118+0000] {manager.py:741} INFO - There are 0 files in /opt/airflow/dags
[2026-09-08T22:51:51.708+0000] {manager.py:738} INFO - Searching for files in /opt/airflow/dags
[2026-09-08T22:51:51.715+0000] {manager.py:741} INFO - There are 0 files in /opt/airflow/dags
[2026-09-08T22:56:52.267+0000] {manager.py:738} INFO - Searching for files in /opt/airflow/dags
[2026-09-08T22:56:52.275+0000] {manager.py:741} INFO - There are 0 files in /opt/airflow/dags
[2026-09-08T23:01:52.911+0000] {manager.py:738} INFO - Searching for files in /opt/airflow/dags
[2026-09-08T23:01:52.917+0000] {manager.py:741} INFO - There are 0 files in /opt/airflow/dags
[2026-09-08T23:06:53.534+0000] {manager.py:738} INFO - Searching for files in /opt/airflow/dags
[2026-09-08T23:06:53.541+0000] {manager.py:741} INFO - There are 0 files in /opt/airflow/dags
[2026-09-08T23:11:54.107+0000] {manager.py:738} INFO - Searching for files in /opt/airflow/dags
[2026-09-08T23:11:54.115+0000] {manager.py:741} INFO - There are 0 files in /opt/airflow/dags
[2026-09-08T23:16:54.712+0000] {manager.py:738} INFO - Searching for files in /opt/airflow/dags
[2026-09-08T23:16:54.719+0000] {manager.py:741} INFO - There are 0 files in /opt/airflow/dags
[2026-09-08T23:21:55.359+0000] {manager.py:738} INFO - Searching for files in /opt/airflow/dags
[2026-09-08T23:21:55.368+0000] {manager.py:741} INFO - There are 0 files in /opt/airflow/dags
[2026-09-08T23:26:56.056+0000] {manager.py:738} INFO - Searching for files in /opt/airflow/dags
[2026-09-08T23:26:56.063+0000] {manager.py:741} INFO - There are 0 files in /opt/airflow/dags
[2026-09-08T23:31:56.591+0000] {manager.py:738} INFO - Searching for files in /opt/airflow/dags
[2026-09-08T23:31:56.598+0000] {manager.py:741} INFO - There are 0 files in /opt/airflow/dags
[2026-09-08T23:36:57.185+0000] {manager.py:738} INFO - Searching for files in /opt/airflow/dags
[2026-09-08T23:36:57.198+0000] {manager.py:741} INFO - There are 0 files in /opt/airflow/dags
[2026-09-08T23:41:57.819+0000] {manager.py:738} INFO - Searching for files in /opt/airflow/dags
[2026-09-08T23:41:57.826+0000] {manager.py:741} INFO - There are 0 files in /opt/airflow/dags
[2026-09-08T23:46:58.230+0000] {manager.py:738} INFO - Searching for files in /opt/airflow/dags
[2026-09-08T23:46:58.238+0000] {manager.py:741} INFO - There are 0 files in /opt/airflow/dags
[2026-09-08T23:51:58.725+0000] {manager.py:738} INFO - Searching for files in /opt/airflow/dags
[2026-09-08T23:51:58.732+0000] {manager.py:741} INFO - There are 0 files in /opt/airflow/dags
[2026-09-08T23:56:59.135+0000] {manager.py:738} INFO - Searching for files in /opt/airflow/dags
[2026-09-08T23:56:59.142+0000] {manager.py:741} INFO - There are 0 files in /opt/airflow/dags
[2026-09-09T00:01:59.519+0000] {manager.py:738} INFO - Searching for files in /opt/airflow/dags
[2026-09-09T00:01:59.523+0000] {manager.py:741} INFO - There are 0 files in /opt/airflow/dags
[2026-09-09T00:06:59.899+0000] {manager.py:738} INFO - Searching for files in /opt/airflow/dags
[2026-09-09T00:06:59.911+0000] {manager.py:741} INFO - There are 0 files in /opt/airflow/dags
[2026-09-09T00:12:00.342+0000] {manager.py:738} INFO - Searching for files in /opt/airflow/dags
[2026-09-09T00:12:00.353+0000] {manager.py:741} INFO - There are 0 files in /opt/airflow/dags
[2026-09-09T00:17:00.654+0000] {manager.py:738} INFO - Searching for files in /opt/airflow/dags
[2026-09-09T00:17:00.663+0000] {manager.py:741} INFO - There are 0 files in /opt/airflow/dags
[2026-09-09T00:22:01.039+0000] {manager.py:738} INFO - Searching for files in /opt/airflow/dags
[2026-09-09T00:22:01.048+0000] {manager.py:741} INFO - There are 0 files in /opt/airflow/dags
[2026-09-09T00:27:01.530+0000] {manager.py:738} INFO - Searching for files in /opt/airflow/dags
[2026-09-09T00:27:01.537+0000] {manager.py:741} INFO - There are 0 files in /opt/airflow/dags
[2026-09-09T00:32:01.968+0000] {manager.py:738} INFO - Searching for files in /opt/airflow/dags
[2026-09-09T00:32:01.976+0000] {manager.py:741} INFO - There are 0 files in /opt/airflow/dags
[2026-09-09T00:37:02.442+0000] {manager.py:738} INFO - Searching for files in /opt/airflow/dags
[2026-09-09T00:37:02.450+0000] {manager.py:741} INFO - There are 0 files in /opt/airflow/dags
[2026-09-09T00:42:02.941+0000] {manager.py:738} INFO - Searching for files in /opt/airflow/dags
[2026-09-09T00:42:02.953+0000] {manager.py:741} INFO - There are 0 files in /opt/airflow/dags
[2026-09-09T00:47:03.374+0000] {manager.py:738} INFO - Searching for files in /opt/airflow/dags
[2026-09-09T00:47:03.381+0000] {manager.py:741} INFO - There are 0 files in /opt/airflow/dags
[2026-09-09T00:52:03.851+0000] {manager.py:738} INFO - Searching for files in /opt/airflow/dags
[2026-09-09T00:52:03.859+0000] {manager.py:741} INFO - There are 0 files in /opt/airflow/dags
[2026-09-09T00:57:04.372+0000] {manager.py:738} INFO - Searching for files in /opt/airflow/dags
[2026-09-09T00:57:04.378+0000] {manager.py:741} INFO - There are 0 files in /opt/airflow/dags
[2026-09-09T01:02:04.726+0000] {manager.py:738} INFO - Searching for files in /opt/airflow/dags
[2026-09-09T01:02:04.735+0000] {manager.py:741} INFO - There are 0 files in /opt/airflow/dags
[2026-09-09T01:07:05.063+0000] {manager.py:738} INFO - Searching for files in /opt/airflow/dags
[2026-09-09T01:07:05.071+0000] {manager.py:741} INFO - There are 0 files in /opt/airflow/dags
[2026-09-09T01:12:05.550+0000] {manager.py:738} INFO - Searching for files in /opt/airflow/dags
[2026-09-09T01:12:05.558+0000] {manager.py:741} INFO - There are 0 files in /opt/airflow/dags
[2026-09-09T01:17:05.997+0000] {manager.py:738} INFO - Searching for files in /opt/airflow/dags
[2026-09-09T01:17:06.004+0000] {manager.py:741} INFO - There are 0 files in /opt/airflow/dags
[2026-09-09T01:22:06.413+0000] {manager.py:738} INFO - Searching for files in /opt/airflow/dags
[2026-09-09T01:22:06.421+0000] {manager.py:741} INFO - There are 0 files in /opt/airflow/dags
[2026-09-09T01:27:06.683+0000] {manager.py:738} INFO - Searching for files in /opt/airflow/dags
[2026-09-09T01:27:06.692+0000] {manager.py:741} INFO - There are 0 files in /opt/airflow/dags
[2026-09-09T01:32:07.144+0000] {manager.py:738} INFO - Searching for files in /opt/airflow/dags
[2026-09-09T01:32:07.151+0000] {manager.py:741} INFO - There are 0 files in /opt/airflow/dags
[2026-09-09T01:37:07.568+0000] {manager.py:738} INFO - Searching for files in /opt/airflow/dags
[2026-09-09T01:37:07.576+0000] {manager.py:741} INFO - There are 0 files in /opt/airflow/dags
[2026-09-09T01:42:07.983+0000] {manager.py:738} INFO - Searching for files in /opt/airflow/dags
[2026-09-09T01:42:07.990+0000] {manager.py:741} INFO - There are 0 files in /opt/airflow/dags
[2026-09-09T01:47:08.566+0000] {manager.py:738} INFO - Searching for files in /opt/airflow/dags
[2026-09-09T01:47:08.575+0000] {manager.py:741} INFO - There are 0 files in /opt/airflow/dags
[2026-09-09T01:52:09.193+0000] {manager.py:738} INFO - Searching for files in /opt/airflow/dags
[2026-09-09T01:52:09.201+0000] {manager.py:741} INFO - There are 0 files in /opt/airflow/dags
[2026-09-09T01:57:09.770+0000] {manager.py:738} INFO - Searching for files in /opt/airflow/dags
[2026-09-09T01:57:09.776+0000] {manager.py:741} INFO - There are 0 files in /opt/airflow/dags
[2026-09-09T02:02:10.283+0000] {manager.py:738} INFO - Searching for files in /opt/airflow/dags
[2026-09-09T02:02:10.292+0000] {manager.py:741} INFO - There are 0 files in /opt/airflow/dags
[2026-09-09T02:18:28.187+0000] {manager.py:738} INFO - Searching for files in /opt/airflow/dags
[2026-09-09T02:18:28.200+0000] {manager.py:741} INFO - There are 0 files in /opt/airflow/dags
[2026-09-09T03:24:31.466+0000] {manager.py:738} INFO - Searching for files in /opt/airflow/dags
[2026-09-09T03:24:31.471+0000] {manager.py:741} INFO - There are 0 files in /opt/airflow/dags
[2026-09-09T03:41:20.930+0000] {manager.py:738} INFO - Searching for files in /opt/airflow/dags
[2026-09-09T03:41:20.936+0000] {manager.py:741} INFO - There are 0 files in /opt/airflow/dags
[2026-09-09T03:49:02.350+0000] {manager.py:738} INFO - Searching for files in /opt/airflow/dags
[2026-09-09T03:49:02.353+0000] {manager.py:741} INFO - There are 0 files in /opt/airflow/dags
[2026-09-09T03:54:02.775+0000] {manager.py:738} INFO - Searching for files in /opt/airflow/dags
[2026-09-09T03:54:02.785+0000] {manager.py:741} INFO - There are 0 files in /opt/airflow/dags
[2026-09-09T03:59:03.272+0000] {manager.py:738} INFO - Searching for files in /opt/airflow/dags
[2026-09-09T03:59:03.283+0000] {manager.py:741} INFO - There are 0 files in /opt/airflow/dags
[2026-09-09T04:04:03.669+0000] {manager.py:738} INFO - Searching for files in /opt/airflow/dags
[2026-09-09T04:04:03.675+0000] {manager.py:741} INFO - There are 0 files in /opt/airflow/dags
[2026-09-09T04:05:27.165+0000] {manager.py:451} INFO - Exiting gracefully upon receiving signal 15
